// Jest Snapshot v1, https://goo.gl/fbAQLP

exports[`GlobalProvider unit tests renders as expected 1`] = `
<h1>
  TEST
</h1>
`;
