// Jest Snapshot v1, https://goo.gl/fbAQLP

exports[`Modal unit tests renders as expected 1`] = `null`;
